D:\MIP\Restaurant\src\main\java\org\example\OfferManager.java
D:\MIP\Restaurant\src\main\java\org\example\ComandaRepository.java
D:\MIP\Restaurant\src\main\java\org\example\Bautura.java
D:\MIP\Restaurant\src\main\java\org\example\Configuratie.java
D:\MIP\Restaurant\src\main\java\org\example\Pizza.java
D:\MIP\Restaurant\src\main\java\org\example\ProdusRepository.java
D:\MIP\Restaurant\src\main\java\org\example\TestConexiuneDB.java
D:\MIP\Restaurant\src\main\java\org\example\OfferService.java
D:\MIP\Restaurant\src\main\java\org\example\Produs.java
D:\MIP\Restaurant\src\main\java\org\example\User.java
D:\MIP\Restaurant\src\main\java\gui\GuestController.java
D:\MIP\Restaurant\src\main\java\org\example\Main.java
D:\MIP\Restaurant\src\main\java\org\example\FaraReducere.java
D:\MIP\Restaurant\src\main\java\org\example\Mancare.java
D:\MIP\Restaurant\src\main\java\org\example\ReducereValentinesDay.java
D:\MIP\Restaurant\src\main\java\org\example\ComandaItem.java
D:\MIP\Restaurant\src\main\java\org\example\Meniu.java
D:\MIP\Restaurant\src\main\java\org\example\PopulatorBazaDeDate.java
D:\MIP\Restaurant\src\main\java\gui\LoginController.java
D:\MIP\Restaurant\src\main\java\org\example\UserRole.java
D:\MIP\Restaurant\src\main\java\org\example\UserRepository.java
D:\MIP\Restaurant\src\main\java\gui\OspatarController.java
D:\MIP\Restaurant\src\main\java\gui\RestaurantApp.java
D:\MIP\Restaurant\src\main\java\org\example\IncarcatorConfiguratie.java
D:\MIP\Restaurant\src\main\java\gui\ManagerController.java
D:\MIP\Restaurant\src\main\java\org\example\Comanda.java
D:\MIP\Restaurant\src\main\java\org\example\StrategieReduceri.java
